// Jest Snapshot v1, https://goo.gl/fbAQLP

exports[`NavigationBar renders "Not logged in" correctly 1`] = `
"<Blueprint3.Navbar className=\\"NavigationBar primary-navbar bp3-dark\\">
  <Blueprint3.NavbarGroup align=\\"left\\">
    <NavLink className=\\"NavigationBar__link bp3-button bp3-minimal\\" to=\\"/achievement\\">
      <Blueprint3.Icon icon=\\"symbol-diamond\\" />
      <Blueprint3.NavbarHeading className=\\"hidden-xs hidden-sm\\">
        Source Academy
      </Blueprint3.NavbarHeading>
    </NavLink>
    <NavLink className=\\"NavigationBar__link bp3-button bp3-minimal\\" to=\\"/achievement\\">
      <Blueprint3.Icon icon=\\"music\\" />
      <div className=\\"navbar-button-text hidden-xs hidden-sm\\">
        Sourcecast
      </div>
    </NavLink>
    <NavLink className=\\"NavigationBar__link bp3-button bp3-minimal\\" to=\\"/achievement\\">
      <Blueprint3.Icon icon=\\"code\\" />
      <div className=\\"navbar-button-text hidden-xs hidden-sm\\">
        Playground
      </div>
    </NavLink>
    <NavLink activeClassName=\\"bp3-active\\" className=\\"NavigationBar__link bp3-button bp3-minimal\\" to=\\"/achievement\\">
      <Blueprint3.Icon icon=\\"mountain\\" />
      <div className=\\"navbar-button-text hidden-xs hidden-sm\\">
        Achievement
      </div>
    </NavLink>
  </Blueprint3.NavbarGroup>
</Blueprint3.Navbar>"
`;

exports[`NavigationBar renders correctly with username 1`] = `
"<Blueprint3.Navbar className=\\"NavigationBar primary-navbar bp3-dark\\">
  <Blueprint3.NavbarGroup align=\\"left\\">
    <NavLink className=\\"NavigationBar__link bp3-button bp3-minimal\\" to=\\"/achievement\\">
      <Blueprint3.Icon icon=\\"symbol-diamond\\" />
      <Blueprint3.NavbarHeading className=\\"hidden-xs hidden-sm\\">
        Source Academy
      </Blueprint3.NavbarHeading>
    </NavLink>
    <NavLink className=\\"NavigationBar__link bp3-button bp3-minimal\\" to=\\"/achievement\\">
      <Blueprint3.Icon icon=\\"music\\" />
      <div className=\\"navbar-button-text hidden-xs hidden-sm\\">
        Sourcecast
      </div>
    </NavLink>
    <NavLink className=\\"NavigationBar__link bp3-button bp3-minimal\\" to=\\"/achievement\\">
      <Blueprint3.Icon icon=\\"code\\" />
      <div className=\\"navbar-button-text hidden-xs hidden-sm\\">
        Playground
      </div>
    </NavLink>
    <NavLink activeClassName=\\"bp3-active\\" className=\\"NavigationBar__link bp3-button bp3-minimal\\" to=\\"/achievement\\">
      <Blueprint3.Icon icon=\\"mountain\\" />
      <div className=\\"navbar-button-text hidden-xs hidden-sm\\">
        Achievement
      </div>
    </NavLink>
  </Blueprint3.NavbarGroup>
</Blueprint3.Navbar>"
`;
