// Jest Snapshot v1, https://goo.gl/fbAQLP

exports[`EditableAchievementBackground component renders correctly 1`] = `
"<EditableAchievementBackground cardTileUrl=\\"\\" setcardTileUrl={[Function: setcardTileUrl]}>
  <div className=\\"editable-background\\">
    <Blueprint3.Button text=\\"Edit Background\\" onClick={[Function: toggleDialog]}>
      <button type=\\"button\\" onClick={[Function: toggleDialog]} className=\\"bp3-button\\" disabled={[undefined]} onKeyDown={[Function (anonymous)]} onKeyUp={[Function (anonymous)]} tabIndex={[undefined]}>
        <Blueprint3.Icon icon={[undefined]} />
        <span className=\\"bp3-button-text\\">
          Edit Background
        </span>
        <Blueprint3.Icon icon={[undefined]} />
      </button>
    </Blueprint3.Button>
    <Blueprint3.Dialog title=\\"undefined Card Background\\" isOpen={false} onClose={[Function: toggleDialog]} canOutsideClickClose={true}>
      <Blueprint3.Overlay title=\\"undefined Card Background\\" isOpen={false} onClose={[Function: toggleDialog]} canOutsideClickClose={true} className=\\"bp3-overlay-scroll-container\\" hasBackdrop={true} autoFocus={true} backdropProps={{...}} canEscapeKeyClose={true} enforceFocus={true} lazy={true} transitionDuration={300} transitionName=\\"bp3-overlay\\" usePortal={true} />
    </Blueprint3.Dialog>
  </div>
</EditableAchievementBackground>"
`;
