// Jest Snapshot v1, https://goo.gl/fbAQLP

exports[`EditableAchievementDate component renders correctly 1`] = `
"<EditableAchievementDate type=\\"Deadline\\" deadline={{...}} changeDeadline={[Function: changeDeadline]}>
  <div className=\\"deadline\\">
    <Blueprint3.Button onClick={[Function: toggleOpen]}>
      <button type=\\"button\\" onClick={[Function: toggleOpen]} className=\\"bp3-button\\" disabled={[undefined]} onKeyDown={[Function (anonymous)]} onKeyUp={[Function (anonymous)]} tabIndex={[undefined]}>
        <Blueprint3.Icon icon={[undefined]} />
        <span className=\\"bp3-button-text\\">
          Set Deadline
        </span>
        <Blueprint3.Icon icon={[undefined]} />
      </button>
    </Blueprint3.Button>
    <Blueprint3.Dialog title=\\"Edit Deadline\\" isCloseButtonShown={false} isOpen={false} onClose={[Function: toggleOpen]} style={{...}} canOutsideClickClose={true}>
      <Blueprint3.Overlay title=\\"Edit Deadline\\" isCloseButtonShown={false} isOpen={false} onClose={[Function: toggleOpen]} style={{...}} canOutsideClickClose={true} className=\\"bp3-overlay-scroll-container\\" hasBackdrop={true} autoFocus={true} backdropProps={{...}} canEscapeKeyClose={true} enforceFocus={true} lazy={true} transitionDuration={300} transitionName=\\"bp3-overlay\\" usePortal={true} />
    </Blueprint3.Dialog>
  </div>
</EditableAchievementDate>"
`;
